2026-09-12T07:34:58.293435Z  INFO tailwindcss_oxide::scanner: Provided sources:
2026-09-12T07:34:58.294577Z  INFO tailwindcss_oxide::scanner: Source: PublicSourceEntry { base: "D:\\profound\\Mapps-Creation", pattern: "**/*", negated: false }
2026-09-12T07:34:58.305670Z  INFO tailwindcss_oxide::scanner: Optimized sources:
2026-09-12T07:34:58.305710Z  INFO tailwindcss_oxide::scanner: Source: Auto { base: "D:\\profound\\Mapps-Creation" }
2026-09-12T07:34:58.311470Z  INFO discover_sources: tailwindcss_oxide::scanner: enter
2026-09-12T07:34:58.311588Z  INFO discover_sources:walk_synchronous: tailwindcss_oxide::scanner: enter
2026-09-12T07:34:58.369095Z  INFO discover_sources:walk_synchronous: tailwindcss_oxide::scanner: exit
2026-09-12T07:34:58.370706Z  INFO tailwindcss_oxide::scanner: Reading "D:\\profound\\Mapps-Creation\\src\\components\\defect-checklist.tsx"
2026-09-12T07:34:58.370889Z  INFO tailwindcss_oxide::scanner: Reading "D:\\profound\\Mapps-Creation\\src\\app\\(erp)\\masters\\colors\\page.tsx"
2026-09-12T07:34:58.370890Z  INFO tailwindcss_oxide::scanner: Reading "D:\\profound\\Mapps-Creation\\docker-compose.yml"
2026-09-12T07:34:58.371023Z  INFO tailwindcss_oxide::scanner: Reading "D:\\profound\\Mapps-Creation\\src\\components\\erp-nav.tsx"
2026-09-12T07:34:58.371166Z  INFO tailwindcss_oxide::scanner: Reading "D:\\profound\\Mapps-Creation\\src\\server\\actions\\auth.ts"
2026-09-12T07:34:58.371208Z  INFO tailwindcss_oxide::scanner: Reading "D:\\profound\\Mapps-Creation\\Dockerfile"
2026-09-12T07:34:58.371225Z  INFO tailwindcss_oxide::scanner: Reading "D:\\profound\\Mapps-Creation\\src\\app\\(erp)\\masters\\fabrics\\page.tsx"
2026-09-12T07:34:58.371317Z  INFO tailwindcss_oxide::scanner: Reading "D:\\profound\\Mapps-Creation\\public\\globe.svg"
2026-09-12T07:34:58.371340Z  INFO tailwindcss_oxide::scanner: Reading "D:\\profound\\Mapps-Creation\\src\\components\\erp-shell.tsx"
2026-09-12T07:34:58.371471Z  INFO tailwindcss_oxide::scanner: Reading "D:\\profound\\Mapps-Creation\\eslint.config.mjs"
2026-09-12T07:34:58.371483Z  INFO tailwindcss_oxide::scanner: Reading "D:\\profound\\Mapps-Creation\\src\\server\\actions\\finance.ts"
2026-09-12T07:34:58.371504Z  INFO tailwindcss_oxide::scanner: Reading "D:\\profound\\Mapps-Creation\\src\\app\\(erp)\\stock\\[lotId]\\page.tsx"
2026-09-12T07:34:58.371648Z  INFO tailwindcss_oxide::scanner: Reading "D:\\profound\\Mapps-Creation\\next.config.ts"
2026-09-12T07:34:58.371655Z  INFO tailwindcss_oxide::scanner: Reading "D:\\profound\\Mapps-Creation\\src\\app\\(erp)\\masters\\finishes\\page.tsx"
2026-09-12T07:34:58.371667Z  INFO tailwindcss_oxide::scanner: Reading "D:\\profound\\Mapps-Creation\\src\\components\\flow-rail.tsx"
2026-09-12T07:34:58.371706Z  INFO tailwindcss_oxide::scanner: Reading "D:\\profound\\Mapps-Creation\\src\\server\\domain\\mill-return.ts"
2026-09-12T07:34:58.371736Z  INFO tailwindcss_oxide::scanner: Reading "D:\\profound\\Mapps-Creation\\public\\next.svg"
2026-09-12T07:34:58.371735Z  INFO tailwindcss_oxide::scanner: Reading "D:\\profound\\Mapps-Creation\\src\\app\\(erp)\\qc\\page.tsx"
2026-09-12T07:34:58.371768Z  INFO tailwindcss_oxide::scanner: Reading "D:\\profound\\Mapps-Creation\\package.json"
2026-09-12T07:34:58.371813Z  INFO tailwindcss_oxide::scanner: Reading "D:\\profound\\Mapps-Creation\\src\\app\\api\\cron\\payment-reminders\\route.ts"
2026-09-12T07:34:58.371877Z  INFO tailwindcss_oxide::scanner: Reading "D:\\profound\\Mapps-Creation\\src\\server\\actions\\grey.ts"
2026-09-12T07:34:58.371888Z  INFO tailwindcss_oxide::scanner: Reading "D:\\profound\\Mapps-Creation\\postcss.config.mjs"
2026-09-12T07:34:58.372066Z  INFO tailwindcss_oxide::scanner: Reading "D:\\profound\\Mapps-Creation\\src\\components\\goods-return-intake.tsx"
2026-09-12T07:34:58.372108Z  INFO tailwindcss_oxide::scanner: Reading "D:\\profound\\Mapps-Creation\\src\\server\\domain\\pipeline.ts"
2026-09-12T07:34:58.372193Z  INFO tailwindcss_oxide::scanner: Reading "D:\\profound\\Mapps-Creation\\public\\vercel.svg"
2026-09-12T07:34:58.372201Z  INFO tailwindcss_oxide::scanner: Reading "D:\\profound\\Mapps-Creation\\src\\app\\(erp)\\masters\\mills\\page.tsx"
2026-09-12T07:34:58.372331Z  INFO tailwindcss_oxide::scanner: Reading "D:\\profound\\Mapps-Creation\\src\\components\\goods-table.tsx"
2026-09-12T07:34:58.372368Z  INFO tailwindcss_oxide::scanner: Reading "D:\\profound\\Mapps-Creation\\public\\window.svg"
2026-09-12T07:34:58.372479Z  INFO tailwindcss_oxide::scanner: Reading "D:\\profound\\Mapps-Creation\\src\\app\\(erp)\\reports\\page.tsx"
2026-09-12T07:34:58.372532Z  INFO tailwindcss_oxide::scanner: Reading "D:\\profound\\Mapps-Creation\\src\\app\\(erp)\\masters\\parties\\page.tsx"
2026-09-12T07:34:58.372572Z  INFO tailwindcss_oxide::scanner: Reading "D:\\profound\\Mapps-Creation\\src\\app\\layout.tsx"
2026-09-12T07:34:58.372571Z  INFO tailwindcss_oxide::scanner: Reading "D:\\profound\\Mapps-Creation\\prisma\\migrations\\20260722004820_init\\migration.sql"
2026-09-12T07:34:58.372641Z  INFO tailwindcss_oxide::scanner: Reading "D:\\profound\\Mapps-Creation\\src\\server\\domain\\program-card.ts"
2026-09-12T07:34:58.372643Z  INFO tailwindcss_oxide::scanner: Reading "D:\\profound\\Mapps-Creation\\src\\server\\actions\\masters.ts"
2026-09-12T07:34:58.372676Z  INFO tailwindcss_oxide::scanner: Reading "D:\\profound\\Mapps-Creation\\README.md"
2026-09-12T07:34:58.372686Z  INFO tailwindcss_oxide::scanner: Reading "D:\\profound\\Mapps-Creation\\src\\components\\party-master.tsx"
2026-09-12T07:34:58.374072Z  INFO tailwindcss_oxide::scanner: Reading "D:\\profound\\Mapps-Creation\\src\\app\\login\\page.tsx"
2026-09-12T07:34:58.374140Z  INFO tailwindcss_oxide::scanner: Reading "D:\\profound\\Mapps-Creation\\prisma\\migrations\\migration_lock.toml"
2026-09-12T07:34:58.374140Z  INFO tailwindcss_oxide::scanner: Reading "D:\\profound\\Mapps-Creation\\src\\app\\(erp)\\returns\\page.tsx"
2026-09-12T07:34:58.374174Z  INFO tailwindcss_oxide::scanner: Reading "D:\\profound\\Mapps-Creation\\src\\app\\(erp)\\masters\\parties\\[id]\\page.tsx"
2026-09-12T07:34:58.374197Z  INFO tailwindcss_oxide::scanner: Reading "D:\\profound\\Mapps-Creation\\src\\components\\party-select.tsx"
2026-09-12T07:34:58.374302Z  INFO tailwindcss_oxide::scanner: Reading "D:\\profound\\Mapps-Creation\\src\\app\\p\\[id]\\page.tsx"
2026-09-12T07:34:58.374328Z  INFO tailwindcss_oxide::scanner: Reading "D:\\profound\\Mapps-Creation\\src\\server\\domain\\receivables.ts"
2026-09-12T07:34:58.374345Z  INFO tailwindcss_oxide::scanner: Reading "D:\\profound\\Mapps-Creation\\scripts\\prisma-generate.mjs"
2026-09-12T07:34:58.374439Z  INFO tailwindcss_oxide::scanner: Reading "D:\\profound\\Mapps-Creation\\src\\server\\actions\\parties.ts"
2026-09-12T07:34:58.374512Z  INFO tailwindcss_oxide::scanner: Reading "D:\\profound\\Mapps-Creation\\src\\app\\page.tsx"
2026-09-12T07:34:58.374527Z  INFO tailwindcss_oxide::scanner: Reading "D:\\profound\\Mapps-Creation\\src\\app\\(erp)\\masters\\suppliers\\page.tsx"
2026-09-12T07:34:58.374734Z  INFO tailwindcss_oxide::scanner: Reading "D:\\profound\\Mapps-Creation\\src\\app\\(erp)\\masters\\weavers\\page.tsx"
2026-09-12T07:34:58.374752Z  INFO tailwindcss_oxide::scanner: Reading "D:\\profound\\Mapps-Creation\\prisma\\schema.prisma"
2026-09-12T07:34:58.374813Z  INFO tailwindcss_oxide::scanner: Reading "D:\\profound\\Mapps-Creation\\src\\components\\payment-entry-form.tsx"
2026-09-12T07:34:58.374825Z  INFO tailwindcss_oxide::scanner: Reading "D:\\profound\\Mapps-Creation\\src\\server\\actions\\payments.ts"
2026-09-12T07:34:58.374850Z  INFO tailwindcss_oxide::scanner: Reading "D:\\profound\\Mapps-Creation\\src\\app\\(erp)\\sales\\page.tsx"
2026-09-12T07:34:58.374863Z  INFO tailwindcss_oxide::scanner: Reading "D:\\profound\\Mapps-Creation\\src\\components\\color-hex-field.tsx"
2026-09-12T07:34:58.374889Z  INFO tailwindcss_oxide::scanner: Reading "D:\\profound\\Mapps-Creation\\src\\app\\(erp)\\dashboard\\page.tsx"
2026-09-12T07:34:58.374918Z  INFO tailwindcss_oxide::scanner: Reading "D:\\profound\\Mapps-Creation\\src\\app\\(erp)\\messages\\page.tsx"
2026-09-12T07:34:58.375111Z  INFO tailwindcss_oxide::scanner: Reading "D:\\profound\\Mapps-Creation\\src\\components\\program-card-toolbar.tsx"
2026-09-12T07:34:58.375165Z  INFO tailwindcss_oxide::scanner: Reading "D:\\profound\\Mapps-Creation\\src\\server\\domain\\stock.ts"
2026-09-12T07:34:58.375247Z  INFO tailwindcss_oxide::scanner: Reading "D:\\profound\\Mapps-Creation\\src\\server\\actions\\programs.ts"
2026-09-12T07:34:58.375248Z  INFO tailwindcss_oxide::scanner: Reading "D:\\profound\\Mapps-Creation\\prisma\\seed.ts"
2026-09-12T07:34:58.375274Z  INFO tailwindcss_oxide::scanner: Reading "D:\\profound\\Mapps-Creation\\src\\components\\ui.tsx"
2026-09-12T07:34:58.376251Z  INFO tailwindcss_oxide::scanner: Reading "D:\\profound\\Mapps-Creation\\src\\app\\(erp)\\payments\\page.tsx"
2026-09-12T07:34:58.376354Z  INFO tailwindcss_oxide::scanner: Reading "D:\\profound\\Mapps-Creation\\src\\components\\program-card.tsx"
2026-09-12T07:34:58.376379Z  INFO tailwindcss_oxide::scanner: Reading "D:\\profound\\Mapps-Creation\\src\\app\\(erp)\\dispatch\\page.tsx"
2026-09-12T07:34:58.376365Z  INFO tailwindcss_oxide::scanner: Reading "D:\\profound\\Mapps-Creation\\src\\server\\uploads.ts"
2026-09-12T07:34:58.376392Z  INFO tailwindcss_oxide::scanner: Reading "D:\\profound\\Mapps-Creation\\prisma.config.ts"
2026-09-12T07:34:58.376456Z  INFO tailwindcss_oxide::scanner: Reading "D:\\profound\\Mapps-Creation\\src\\app\\(erp)\\sales\\[billId]\\page.tsx"
2026-09-12T07:34:58.376467Z  INFO tailwindcss_oxide::scanner: Reading "D:\\profound\\Mapps-Creation\\src\\server\\actions\\qc.ts"
2026-09-12T07:34:58.376533Z  INFO tailwindcss_oxide::scanner: Reading "D:\\profound\\Mapps-Creation\\src\\components\\whatsapp-notify-toggle.tsx"
2026-09-12T07:34:58.376623Z  INFO tailwindcss_oxide::scanner: Reading "D:\\profound\\Mapps-Creation\\public\\file.svg"
2026-09-12T07:34:58.376646Z  INFO tailwindcss_oxide::scanner: Reading "D:\\profound\\Mapps-Creation\\src\\server\\whatsapp\\index.ts"
2026-09-12T07:34:58.376772Z  INFO tailwindcss_oxide::scanner: Reading "D:\\profound\\Mapps-Creation\\src\\app\\(erp)\\programs\\page.tsx"
2026-09-12T07:34:58.376843Z  INFO tailwindcss_oxide::scanner: Reading "D:\\profound\\Mapps-Creation\\src\\app\\(erp)\\finance\\page.tsx"
2026-09-12T07:34:58.377360Z  INFO tailwindcss_oxide::scanner: Reading "D:\\profound\\Mapps-Creation\\src\\components\\public-card-actions.tsx"
2026-09-12T07:34:58.377369Z  INFO tailwindcss_oxide::scanner: Reading "D:\\profound\\Mapps-Creation\\src\\server\\actions\\sales.ts"
2026-09-12T07:34:58.377427Z  INFO tailwindcss_oxide::scanner: Reading "D:\\profound\\Mapps-Creation\\src\\server\\actions\\returns.ts"
2026-09-12T07:34:58.377427Z  INFO tailwindcss_oxide::scanner: Reading "D:\\profound\\Mapps-Creation\\src\\app\\(erp)\\stock\\page.tsx"
2026-09-12T07:34:58.377431Z  INFO tailwindcss_oxide::scanner: Reading "D:\\profound\\Mapps-Creation\\src\\app\\(erp)\\programs\\[id]\\card\\page.tsx"
2026-09-12T07:34:58.377464Z  INFO tailwindcss_oxide::scanner: Reading "D:\\profound\\Mapps-Creation\\src\\lib\\auth.ts"
2026-09-12T07:34:58.377476Z  INFO tailwindcss_oxide::scanner: Reading "D:\\profound\\Mapps-Creation\\src\\server\\whatsapp\\meta-provider.ts"
2026-09-12T07:34:58.377499Z  INFO tailwindcss_oxide::scanner: Reading "D:\\profound\\Mapps-Creation\\src\\app\\(erp)\\grey\\page.tsx"
2026-09-12T07:34:58.377572Z  INFO tailwindcss_oxide::scanner: Reading "D:\\profound\\Mapps-Creation\\src\\server\\domain\\finance.ts"
2026-09-12T07:34:58.377675Z  INFO tailwindcss_oxide::scanner: Reading "D:\\profound\\Mapps-Creation\\src\\lib\\flow.ts"
2026-09-12T07:34:58.377709Z  INFO tailwindcss_oxide::scanner: Reading "D:\\profound\\Mapps-Creation\\src\\app\\(erp)\\layout.tsx"
2026-09-12T07:34:58.377986Z  INFO tailwindcss_oxide::scanner: Reading "D:\\profound\\Mapps-Creation\\src\\server\\domain\\goods.ts"
2026-09-12T07:34:58.379385Z  INFO tailwindcss_oxide::scanner: Reading "D:\\profound\\Mapps-Creation\\src\\server\\whatsapp\\stub-provider.ts"
2026-09-12T07:34:58.379661Z  INFO tailwindcss_oxide::scanner: Reading "D:\\profound\\Mapps-Creation\\src\\app\\(erp)\\masters\\agents\\page.tsx"
2026-09-12T07:34:58.379858Z  INFO tailwindcss_oxide::scanner: Reading "D:\\profound\\Mapps-Creation\\src\\lib\\db.ts"
2026-09-12T07:34:58.380102Z  INFO tailwindcss_oxide::scanner: Reading "D:\\profound\\Mapps-Creation\\src\\lib\\shell-flow.ts"
2026-09-12T07:34:58.380241Z  INFO tailwindcss_oxide::scanner: Reading "D:\\profound\\Mapps-Creation\\src\\server\\whatsapp\\types.ts"
2026-09-12T07:34:58.380499Z  INFO tailwindcss_oxide::scanner: Reading "D:\\profound\\Mapps-Creation\\src\\lib\\utils.ts"
2026-09-12T07:34:58.380509Z  INFO tailwindcss_oxide::scanner: Reading "D:\\profound\\Mapps-Creation\\src\\lib\\doc-numbers.ts"
2026-09-12T07:34:58.380516Z  INFO tailwindcss_oxide::scanner: Reading "D:\\profound\\Mapps-Creation\\tsconfig.json"
2026-09-12T07:34:58.380549Z  INFO tailwindcss_oxide::scanner: Reading "D:\\profound\\Mapps-Creation\\src\\lib\\parties.ts"
2026-09-12T07:34:58.380605Z  INFO tailwindcss_oxide::scanner: Reading "D:\\profound\\Mapps-Creation\\src\\lib\\format.ts"
2026-09-12T07:34:58.380732Z  INFO tailwindcss_oxide::scanner: Reading "D:\\profound\\Mapps-Creation\\src\\lib\\company.ts"
2026-09-12T07:34:58.380752Z  INFO tailwindcss_oxide::scanner: Reading "D:\\profound\\Mapps-Creation\\src\\lib\\roles.ts"
2026-09-12T07:34:58.380999Z  INFO tailwindcss_oxide::scanner: Reading "D:\\profound\\Mapps-Creation\\vercel.json"
2026-09-12T07:34:58.381043Z  INFO tailwindcss_oxide::scanner: Reading "D:\\profound\\Mapps-Creation\\txt"
2026-09-12T07:34:58.381103Z  INFO tailwindcss_oxide::scanner: Reading "D:\\profound\\Mapps-Creation\\src\\lib\\payment-labels.ts"
2026-09-12T07:34:58.381270Z  INFO discover_sources: tailwindcss_oxide::scanner: exit
2026-09-12T07:34:58.381299Z  INFO extract_candidates: tailwindcss_oxide::scanner: enter
2026-09-12T07:34:58.381308Z  INFO extract_candidates:parse_all_blobs: tailwindcss_oxide::scanner: enter
2026-09-12T07:34:58.381331Z  INFO extract_candidates:parse_all_blobs:extract: tailwindcss_oxide::scanner: enter
2026-09-12T07:34:58.386515Z  INFO extract_candidates:parse_all_blobs:extract: tailwindcss_oxide::scanner: exit
2026-09-12T07:34:58.386617Z  INFO extract_candidates:parse_all_blobs: tailwindcss_oxide::scanner: exit
2026-09-12T07:34:58.386627Z  INFO extract_candidates:read_all_files: tailwindcss_oxide::scanner: enter
2026-09-12T07:34:58.386631Z  INFO extract_candidates:read_all_files: tailwindcss_oxide::scanner: Reading 1 file(s)
2026-09-12T07:34:58.386760Z  INFO extract_candidates:read_all_files: tailwindcss_oxide::scanner: Reading "D:\\profound\\Mapps-Creation\\src\\app\\globals.css"
2026-09-12T07:34:58.386776Z  INFO extract_candidates:read_all_files: tailwindcss_oxide::scanner: exit
2026-09-12T07:34:58.386780Z  INFO extract_candidates:extract_css_variables: tailwindcss_oxide::scanner: enter
2026-09-12T07:34:58.386787Z  INFO extract_candidates:extract_css_variables:extract: tailwindcss_oxide::scanner: enter
2026-09-12T07:34:58.387014Z  INFO extract_candidates:extract_css_variables:extract: tailwindcss_oxide::scanner: exit
2026-09-12T07:34:58.387021Z  INFO extract_candidates:extract_css_variables: tailwindcss_oxide::scanner: exit
2026-09-12T07:34:58.387627Z  INFO extract_candidates: tailwindcss_oxide::scanner: exit
2026-09-12T07:34:58.388610Z  INFO get_files: tailwindcss_oxide::scanner: enter
2026-09-12T07:34:58.388619Z  INFO get_files:discover_sources: tailwindcss_oxide::scanner: enter
2026-09-12T07:34:58.388623Z  INFO get_files:discover_sources: tailwindcss_oxide::scanner: exit
2026-09-12T07:34:58.388828Z  INFO get_files: tailwindcss_oxide::scanner: exit
2026-09-12T07:34:58.389557Z  INFO get_globs: tailwindcss_oxide::scanner: enter
2026-09-12T07:34:58.389564Z  INFO get_globs:discover_sources: tailwindcss_oxide::scanner: enter
2026-09-12T07:34:58.389568Z  INFO get_globs:discover_sources: tailwindcss_oxide::scanner: exit
2026-09-12T07:34:58.412410Z  INFO get_globs: tailwindcss_oxide::scanner: exit
